Assuming unrestricted shared filesystem usage.
host: Alexanders-MacBook-Air-6.local
Building DAG of jobs...
Using shell: /bin/bash
Provided cores: 1 (use --cores to define parallelism)
Rules claiming more threads will be scaled down.
Job stats:
job           count
----------  -------
merge_data        1
all               1
total             2

Select jobs to execute...
Execute 1 jobs...
[Wed May  6 21:37:53 2026]
localrule merge_data:
    input: Compensation of employees and its components by industry (IT1,93_1227_DF_DCCN_TNA1_2,1.0).csv, Gross domestic product supply side (IT1,93_498_DF_DCCN_PILT_1,1.0)(1).csv
    output: italy_economic_data_cleaned.csv
    jobid: 1
    reason: Missing output files: italy_economic_data_cleaned.csv; Set of input files has changed since last execution; Code has changed since last execution
    resources: tmpdir=/var/folders/32/k48bqnf163gbq2kkj5tvxf240000gn/T
RuleException:
CalledProcessError in file "/Users/alex/Desktop/IS477/ALAN-IS477/Snakefile", line 15:
Command 'set -euo pipefail;  
        python ALAN_merge.py "Compensation of employees and its components by industry (IT1,93_1227_DF_DCCN_TNA1_2,1.0).csv" "Gross domestic product supply side (IT1,93_498_DF_DCCN_PILT_1,1.0)(1).csv" "italy_economic_data_cleaned.csv"' returned non-zero exit status 1.
[Wed May  6 21:37:54 2026]
Error in rule merge_data:
    message: None
    jobid: 1
    input: Compensation of employees and its components by industry (IT1,93_1227_DF_DCCN_TNA1_2,1.0).csv, Gross domestic product supply side (IT1,93_498_DF_DCCN_PILT_1,1.0)(1).csv
    output: italy_economic_data_cleaned.csv
    shell:
        
        python ALAN_merge.py "Compensation of employees and its components by industry (IT1,93_1227_DF_DCCN_TNA1_2,1.0).csv" "Gross domestic product supply side (IT1,93_498_DF_DCCN_PILT_1,1.0)(1).csv" "italy_economic_data_cleaned.csv"
        
        (command exited with non-zero exit code)
Shutting down, this might take some time.
Exiting because a job execution failed. Look below for error messages
[Wed May  6 21:37:54 2026]
Error in rule merge_data:
    message: None
    jobid: 1
    input: Compensation of employees and its components by industry (IT1,93_1227_DF_DCCN_TNA1_2,1.0).csv, Gross domestic product supply side (IT1,93_498_DF_DCCN_PILT_1,1.0)(1).csv
    output: italy_economic_data_cleaned.csv
    shell:
        
        python ALAN_merge.py "Compensation of employees and its components by industry (IT1,93_1227_DF_DCCN_TNA1_2,1.0).csv" "Gross domestic product supply side (IT1,93_498_DF_DCCN_PILT_1,1.0)(1).csv" "italy_economic_data_cleaned.csv"
        
        (command exited with non-zero exit code)
Complete log(s): /Users/alex/Desktop/IS477/ALAN-IS477/.snakemake/log/2026-05-06T213753.713589.snakemake.log
WorkflowError:
At least one job did not complete successfully.
